// Jest Snapshot v1, https://goo.gl/fbAQLP

exports[`Strong Strong renders correctly 1`] = `
<Text
  style={
    Array [
      Object {
        "fontFamily": "Roboto-Bold",
      },
    ]
  }
  testID="boldText"
>
  SomeText
</Text>
`;
