// Jest Snapshot v1, https://goo.gl/fbAQLP

exports[`ThemesSettingsControl should render ThemesSettingsControl component 1`] = `null`;
