// Jest Snapshot v1, https://goo.gl/fbAQLP

exports[`regex should match the snapshot 1`] = `
Object {
  "ACCOUNT_HOLDER_NAME": /\\^\\[A-Za-z\\\\s\\]\\+\\$/,
  "ACCOUNT_NUMBER": /\\^\\\\d\\{9,18\\}\\$/,
  "ADDRESS": /\\^\\[a-zA-Z0-9\\\\s\\.:,-/\\(\\)#'\\]\\*\\$/,
  "ALPHANUMERIC": /\\^\\[a-z0-9\\]\\+\\$/i,
  "EMAILVALIDATIONREGEX": /\\^\\(\\(\\[\\^<>\\(\\)\\\\\\[\\\\\\]\\\\\\.,;:\\\\s@\\\\"\\]\\+\\(\\\\\\.\\[\\^<>\\(\\)\\\\\\[\\\\\\]\\\\\\.,;:\\\\s@\\\\"\\]\\+\\)\\*\\)\\|\\(\\\\"\\.\\+\\\\"\\)\\)@\\(\\(\\[\\^<>\\(\\)\\[\\\\\\]\\\\\\.,;:\\\\s@\\\\"\\]\\+\\\\\\.\\)\\+\\[\\^<>\\(\\)\\[\\\\\\]\\\\\\.,;:\\\\s@\\\\"\\]\\{2,\\}\\)\\$/i,
  "GOAL_NAME_REGEX": /\\^\\[A-Za-z0-9-'\\\\s\\]\\*\\$/,
  "GSTIN_VALIDATION": /\\^\\(\\[0\\]\\[1-9\\]\\|\\[1-2\\]\\[0-9\\]\\|\\[3\\]\\[0-7\\]\\)\\(\\[a-zA-Z\\]\\{5\\}\\[0-9\\]\\{4\\}\\[a-zA-Z\\]\\{1\\}\\[1-9a-zA-Z\\]\\{1\\}\\[zZ\\]\\{1\\}\\[0-9a-zA-Z\\]\\{1\\}\\)\\+\\$/,
  "IFSC_CODE": /\\^\\[A-Za-z\\]\\{4\\}0\\[A-Z0-9a-z\\]\\{6\\}\\$/,
  "INTEGER_VALIDATION_REGEX": /\\^\\(\\(\\?!\\(0\\|\\\\\\.\\)\\)\\[0-9\\]\\{0,8\\}\\)\\$/g,
  "MOBILE_NUMBER_VALIDATION": /\\^\\\\\\+\\(\\\\d\\)\\{9,14\\}\\$/,
  "NAMEVALIDATIONREGEX": /\\^\\[A-Za-z0-9'\\.\\\\s\\]\\*\\$/,
  "NAME_VALIDATION": /\\^\\[A-Za-z'\\.\\\\s\\]\\*\\$/,
  "NUMERIC": /\\^\\[0-9\\]\\{0,\\}\\$/,
  "PAN": /\\^\\[A-Z\\]\\{3\\}\\[ABCFGHLJPT\\]\\[A-Z\\]\\[0-9\\]\\{4\\}\\[A-Z\\]\\$/,
  "PINCODE": /\\^\\[0-9\\]\\{3\\}\\\\s\\[0-9\\]\\{3\\}\\$/,
  "TEXT_VALIDATION": /\\^\\[A-Za-z\\\\s\\]\\*\\$/,
}
`;
